
> app@1.0.0 electron:build
> vite build && electron-builder

[36mvite v7.3.1 [32mbuilding client environment for production...[36m[39m
transforming...
[32mΓ£ô[39m 30 modules transformed.
rendering chunks...
computing gzip size...
[2mdist/[22m[32mindex.html                 [39m[1m[2m  0.45 kB[22m[1m[22m[2m Γöé gzip:  0.29 kB[22m
[2mdist/[22m[35massets/index-Bk7f18XJ.css  [39m[1m[2m  4.48 kB[22m[1m[22m[2m Γöé gzip:  1.48 kB[22m
[2mdist/[22m[36massets/index-DOL5DpLF.js   [39m[1m[2m205.64 kB[22m[1m[22m[2m Γöé gzip: 64.57 kB[22m
[32mΓ£ô built in 813ms[39m
  ΓÇó electron-builder  version=26.8.1 os=10.0.26200
  ΓÇó loaded configuration  file=package.json ("build" field)
  ΓÇó description is missed in the package.json  appPackageFile=C:\Users\hp\Desktop\Dr. Iqbal Kharal\package.json
  ΓÇó author is missed in the package.json  appPackageFile=C:\Users\hp\Desktop\Dr. Iqbal Kharal\package.json
  ΓÇó executing @electron/rebuild  electronVersion=40.8.0 arch=x64 buildFromSource=false workspaceRoot=C:\Users\hp\Desktop\Dr. Iqbal Kharal projectDir=./ appDir=./
  ΓÇó installing native dependencies  arch=x64
  ΓÇó preparing       moduleName=better-sqlite3 arch=x64
  ΓÇó finished        moduleName=better-sqlite3 arch=x64
  ΓÇó completed installing native dependencies
  ΓÇó packaging       platform=win32 arch=x64 electron=40.8.0 appOutDir=release\win-unpacked
  Γ¿» remove C:\Users\hp\Desktop\Dr. Iqbal Kharal\release\win-unpacked\d3dcompiler_47.dll: Access is denied.
github.com/develar/go-fs-util.EnsureEmptyDir
	/Users/runner/go/pkg/mod/github.com/develar/go-fs-util@v0.0.0-20190620175131-69a2d4542206/fs.go:98
github.com/develar/app-builder/pkg/electron.UnpackElectron.func1.1
	/Users/runner/work/app-builder/app-builder/pkg/electron/electronUnpack.go:38
github.com/develar/app-builder/pkg/util.MapAsyncConcurrency.func2
	/Users/runner/work/app-builder/app-builder/pkg/util/async.go:68
runtime.goexit
	/Users/runner/hostedtoolcache/go/1.21.13/arm64/src/runtime/asm_amd64.s:1650  
  Γ¿» C:\Users\hp\Desktop\Dr. Iqbal Kharal\node_modules\app-builder-bin\win\x64\app-builder.exe process failed ERR_ELECTRON_BUILDER_CANNOT_EXECUTE
Exit code:
1  failedTask=build stackTrace=Error: C:\Users\hp\Desktop\Dr. Iqbal Kharal\node_modules\app-builder-bin\win\x64\app-builder.exe process failed ERR_ELECTRON_BUILDER_CANNOT_EXECUTE
Exit code:
1
    at ChildProcess.<anonymous> (C:\Users\hp\Desktop\Dr. Iqbal Kharal\node_modules\builder-util\src\util.ts:272:14)
    at Object.onceWrapper (node:events:634:26)
    at ChildProcess.emit (node:events:519:28)
    at ChildProcess.cp.emit (C:\Users\hp\Desktop\Dr. Iqbal Kharal\node_modules\cross-spawn\lib\enoent.js:34:29)
    at maybeClose (node:internal/child_process:1101:16)
    at Process.ChildProcess._handle.onexit (node:internal/child_process:304:5)
